../Core/Src/OLED.c:7:6:OLED_W_SCL	16	static
../Core/Src/OLED.c:10:6:OLED_W_SDA	16	static
../Core/Src/OLED.c:14:6:OLED_I2C_Init	8	static
../Core/Src/OLED.c:50:6:OLED_I2C_Start	8	static
../Core/Src/OLED.c:63:6:OLED_I2C_Stop	8	static
../Core/Src/OLED.c:75:6:OLED_I2C_SendByte	24	static
../Core/Src/OLED.c:93:6:OLED_WriteCommand	16	static
../Core/Src/OLED.c:107:6:OLED_WriteData	16	static
../Core/Src/OLED.c:122:6:OLED_SetCursor	16	static
../Core/Src/OLED.c:134:6:OLED_Clear	16	static
../Core/Src/OLED.c:154:6:OLED_ShowChar	24	static
../Core/Src/OLED.c:176:6:OLED_ShowString	24	static
../Core/Src/OLED.c:185:6:OLED_ShowChinese	24	static
../Core/Src/OLED.c:204:10:OLED_Pow	24	static
../Core/Src/OLED.c:222:6:OLED_ShowNum	32	static
../Core/Src/OLED.c:239:6:OLED_ShowSignedNum	32	static
../Core/Src/OLED.c:267:6:OLED_ShowHexNum	24	static
../Core/Src/OLED.c:292:6:OLED_ShowBinNum	32	static
../Core/Src/OLED.c:306:6:OLED_Init	16	static
../Core/Src/OLED.c:359:6:OLED_ClearArea	32	static
