Archive member included to satisfy reference by file (symbol)

I:/software/STM32CubeIDE_1.15.1/STM32CubeIDE/plugins/com.st.stm32cube.ide.mcu.externaltools.gnu-tools-for-stm32.12.3.rel1.win32_1.0.100.202403111256/tools/bin/../lib/gcc/arm-none-eabi/12.3.1/../../../../arm-none-eabi/lib/thumb/v7-m/nofp\libc_nano.a(libc_a-exit.o)
                              I:/software/STM32CubeIDE_1.15.1/STM32CubeIDE/plugins/com.st.stm32cube.ide.mcu.externaltools.gnu-tools-for-stm32.12.3.rel1.win32_1.0.100.202403111256/tools/bin/../lib/gcc/arm-none-eabi/12.3.1/../../../../arm-none-eabi/lib/thumb/v7-m/nofp/crt0.o (exit)
I:/software/STM32CubeIDE_1.15.1/STM32CubeIDE/plugins/com.st.stm32cube.ide.mcu.externaltools.gnu-tools-for-stm32.12.3.rel1.win32_1.0.100.202403111256/tools/bin/../lib/gcc/arm-none-eabi/12.3.1/../../../../arm-none-eabi/lib/thumb/v7-m/nofp\libc_nano.a(libc_a-findfp.o)
                              I:/software/STM32CubeIDE_1.15.1/STM32CubeIDE/plugins/com.st.stm32cube.ide.mcu.externaltools.gnu-tools-for-stm32.12.3.rel1.win32_1.0.100.202403111256/tools/bin/../lib/gcc/arm-none-eabi/12.3.1/../../../../arm-none-eabi/lib/thumb/v7-m/nofp\libc_nano.a(libc_a-exit.o) (__stdio_exit_handler)
I:/software/STM32CubeIDE_1.15.1/STM32CubeIDE/plugins/com.st.stm32cube.ide.mcu.externaltools.gnu-tools-for-stm32.12.3.rel1.win32_1.0.100.202403111256/tools/bin/../lib/gcc/arm-none-eabi/12.3.1/../../../../arm-none-eabi/lib/thumb/v7-m/nofp\libc_nano.a(libc_a-fwalk.o)
                              I:/software/STM32CubeIDE_1.15.1/STM32CubeIDE/plugins/com.st.stm32cube.ide.mcu.externaltools.gnu-tools-for-stm32.12.3.rel1.win32_1.0.100.202403111256/tools/bin/../lib/gcc/arm-none-eabi/12.3.1/../../../../arm-none-eabi/lib/thumb/v7-m/nofp\libc_nano.a(libc_a-findfp.o) (_fwalk_sglue)
I:/software/STM32CubeIDE_1.15.1/STM32CubeIDE/plugins/com.st.stm32cube.ide.mcu.externaltools.gnu-tools-for-stm32.12.3.rel1.win32_1.0.100.202403111256/tools/bin/../lib/gcc/arm-none-eabi/12.3.1/../../../../arm-none-eabi/lib/thumb/v7-m/nofp\libc_nano.a(libc_a-stdio.o)
                              I:/software/STM32CubeIDE_1.15.1/STM32CubeIDE/plugins/com.st.stm32cube.ide.mcu.externaltools.gnu-tools-for-stm32.12.3.rel1.win32_1.0.100.202403111256/tools/bin/../lib/gcc/arm-none-eabi/12.3.1/../../../../arm-none-eabi/lib/thumb/v7-m/nofp\libc_nano.a(libc_a-findfp.o) (__sread)
I:/software/STM32CubeIDE_1.15.1/STM32CubeIDE/plugins/com.st.stm32cube.ide.mcu.externaltools.gnu-tools-for-stm32.12.3.rel1.win32_1.0.100.202403111256/tools/bin/../lib/gcc/arm-none-eabi/12.3.1/../../../../arm-none-eabi/lib/thumb/v7-m/nofp\libc_nano.a(libc_a-memset.o)
                              I:/software/STM32CubeIDE_1.15.1/STM32CubeIDE/plugins/com.st.stm32cube.ide.mcu.externaltools.gnu-tools-for-stm32.12.3.rel1.win32_1.0.100.202403111256/tools/bin/../lib/gcc/arm-none-eabi/12.3.1/../../../../arm-none-eabi/lib/thumb/v7-m/nofp/crt0.o (memset)
I:/software/STM32CubeIDE_1.15.1/STM32CubeIDE/plugins/com.st.stm32cube.ide.mcu.externaltools.gnu-tools-for-stm32.12.3.rel1.win32_1.0.100.202403111256/tools/bin/../lib/gcc/arm-none-eabi/12.3.1/../../../../arm-none-eabi/lib/thumb/v7-m/nofp\libc_nano.a(libc_a-closer.o)
                              I:/software/STM32CubeIDE_1.15.1/STM32CubeIDE/plugins/com.st.stm32cube.ide.mcu.externaltools.gnu-tools-for-stm32.12.3.rel1.win32_1.0.100.202403111256/tools/bin/../lib/gcc/arm-none-eabi/12.3.1/../../../../arm-none-eabi/lib/thumb/v7-m/nofp\libc_nano.a(libc_a-stdio.o) (_close_r)
I:/software/STM32CubeIDE_1.15.1/STM32CubeIDE/plugins/com.st.stm32cube.ide.mcu.externaltools.gnu-tools-for-stm32.12.3.rel1.win32_1.0.100.202403111256/tools/bin/../lib/gcc/arm-none-eabi/12.3.1/../../../../arm-none-eabi/lib/thumb/v7-m/nofp\libc_nano.a(libc_a-reent.o)
                              I:/software/STM32CubeIDE_1.15.1/STM32CubeIDE/plugins/com.st.stm32cube.ide.mcu.externaltools.gnu-tools-for-stm32.12.3.rel1.win32_1.0.100.202403111256/tools/bin/../lib/gcc/arm-none-eabi/12.3.1/../../../../arm-none-eabi/lib/thumb/v7-m/nofp\libc_nano.a(libc_a-closer.o) (errno)
I:/software/STM32CubeIDE_1.15.1/STM32CubeIDE/plugins/com.st.stm32cube.ide.mcu.externaltools.gnu-tools-for-stm32.12.3.rel1.win32_1.0.100.202403111256/tools/bin/../lib/gcc/arm-none-eabi/12.3.1/../../../../arm-none-eabi/lib/thumb/v7-m/nofp\libc_nano.a(libc_a-impure.o)
                              I:/software/STM32CubeIDE_1.15.1/STM32CubeIDE/plugins/com.st.stm32cube.ide.mcu.externaltools.gnu-tools-for-stm32.12.3.rel1.win32_1.0.100.202403111256/tools/bin/../lib/gcc/arm-none-eabi/12.3.1/../../../../arm-none-eabi/lib/thumb/v7-m/nofp\libc_nano.a(libc_a-reent.o) (_impure_ptr)
I:/software/STM32CubeIDE_1.15.1/STM32CubeIDE/plugins/com.st.stm32cube.ide.mcu.externaltools.gnu-tools-for-stm32.12.3.rel1.win32_1.0.100.202403111256/tools/bin/../lib/gcc/arm-none-eabi/12.3.1/../../../../arm-none-eabi/lib/thumb/v7-m/nofp\libc_nano.a(libc_a-lseekr.o)
[...]
Memory Configuration

Name             Origin             Length             Attributes
RAM              0x20000000         0x00005000         xrw
FLASH            0x08000000         0x00010000         xr
*default*        0x00000000         0xffffffff

Linker script and memory map

LOAD I:/software/STM32CubeIDE_1.15.1/STM32CubeIDE/plugins/com.st.stm32cube.ide.mcu.externaltools.gnu-tools-for-stm32.12.3.rel1.win32_1.0.100.202403111256/tools/bin/../lib/gcc/arm-none-eabi/12.3.1/thumb/v7-m/nofp/crti.o
LOAD I:/software/STM32CubeIDE_1.15.1/STM32CubeIDE/plugins/com.st.stm32cube.ide.mcu.externaltools.gnu-tools-for-stm32.12.3.rel1.win32_1.0.100.202403111256/tools/bin/../lib/gcc/arm-none-eabi/12.3.1/thumb/v7-m/nofp/crtbegin.o
LOAD I:/software/STM32CubeIDE_1.15.1/STM32CubeIDE/plugins/com.st.stm32cube.ide.mcu.externaltools.gnu-tools-for-stm32.12.3.rel1.win32_1.0.100.202403111256/tools/bin/../lib/gcc/arm-none-eabi/12.3.1/../../../../arm-none-eabi/lib/thumb/v7-m/nofp/crt0.o
LOAD ./Core/Src/I2C/I2C_Init.o
LOAD ./Core/Src/SPI/lcd.o
LOAD ./Core/Src/SPI/lcd_Init.o
LOAD ./Core/Src/Switch.o
LOAD ./Core/Src/gpio.o
LOAD ./Core/Src/main.o
LOAD ./Core/Src/stm32f1xx_hal_msp.o
LOAD ./Core/Src/stm32f1xx_it.o
LOAD ./Core/Src/syscalls.o
LOAD ./Core/Src/sysmem.o
LOAD ./Core/Src/system_stm32f1xx.o
LOAD ./Core/Src/tim.o
LOAD ./Core/Src/picture/Fan1.o
LOAD ./Core/Src/picture/Fan2.o
LOAD ./Core/Src/picture/Fan3.o
LOAD ./Core/Src/picture/love.o
LOAD ./Core/Startup/startup_stm32f103c8tx.o
LOAD ./Drivers/STM32F1xx_HAL_Driver/Src/stm32f1xx_hal.o
LOAD ./Drivers/STM32F1xx_HAL_Driver/Src/stm32f1xx_hal_cortex.o
LOAD ./Drivers/STM32F1xx_HAL_Driver/Src/stm32f1xx_hal_dma.o
LOAD ./Drivers/STM32F1xx_HAL_Driver/Src/stm32f1xx_hal_exti.o
LOAD ./Drivers/STM32F1xx_HAL_Driver/Src/stm32f1xx_hal_flash.o
LOAD ./Drivers/STM32F1xx_HAL_Driver/Src/stm32f1xx_hal_flash_ex.o
LOAD ./Drivers/STM32F1xx_HAL_Driver/Src/stm32f1xx_hal_gpio.o
LOAD ./Drivers/STM32F1xx_HAL_Driver/Src/stm32f1xx_hal_gpio_ex.o
LOAD ./Drivers/STM32F1xx_HAL_Driver/Src/stm32f1xx_hal_pwr.o
LOAD ./Drivers/STM32F1xx_HAL_Driver/Src/stm32f1xx_hal_rcc.o
LOAD ./Drivers/STM32F1xx_HAL_Driver/Src/stm32f1xx_hal_rcc_ex.o
LOAD ./Drivers/STM32F1xx_HAL_Driver/Src/stm32f1xx_hal_tim.o
LOAD ./Drivers/STM32F1xx_HAL_Driver/Src/stm32f1xx_hal_tim_ex.o
START GROUP
LOAD I:/software/STM32CubeIDE_1.15.1/STM32CubeIDE/plugins/com.st.stm32cube.ide.mcu.externaltools.gnu-tools-for-stm32.12.3.rel1.win32_1.0.100.202403111256/tools/bin/../lib/gcc/arm-none-eabi/12.3.1/../../../../arm-none-eabi/lib/thumb/v7-m/nofp\libc_nano.a
LOAD I:/software/STM32CubeIDE_1.15.1/STM32CubeIDE/plugins/com.st.stm32cube.ide.mcu.externaltools.gnu-tools-for-stm32.12.3.rel1.win32_1.0.100.202403111256/tools/bin/../lib/gcc/arm-none-eabi/12.3.1/../../../../arm-none-eabi/lib/thumb/v7-m/nofp\libm.a
END GROUP
START GROUP
LOAD I:/software/STM32CubeIDE_1.15.1/STM32CubeIDE/plugins/com.st.stm32cube.ide.mcu.externaltools.gnu-tools-for-stm32.12.3.rel1.win32_1.0.100.202403111256/tools/bin/../lib/gcc/arm-none-eabi/12.3.1/thumb/v7-m/nofp\libgcc.a
LOAD I:/software/STM32CubeIDE_1.15.1/STM32CubeIDE/plugins/com.st.stm32cube.ide.mcu.externaltools.gnu-tools-for-stm32.12.3.rel1.win32_1.0.100.202403111256/tools/bin/../lib/gcc/arm-none-eabi/12.3.1/../../../../arm-none-eabi/lib/thumb/v7-m/nofp\libc_nano.a
END GROUP
START GROUP
LOAD I:/software/STM32CubeIDE_1.15.1/STM32CubeIDE/plugins/com.st.stm32cube.ide.mcu.externaltools.gnu-tools-for-stm32.12.3.rel1.win32_1.0.100.202403111256/tools/bin/../lib/gcc/arm-none-eabi/12.3.1/thumb/v7-m/nofp\libgcc.a
LOAD I:/software/STM32CubeIDE_1.15.1/STM32CubeIDE/plugins/com.st.stm32cube.ide.mcu.externaltools.gnu-tools-for-stm32.12.3.rel1.win32_1.0.100.202403111256/tools/bin/../lib/gcc/arm-none-eabi/12.3.1/../../../../arm-none-eabi/lib/thumb/v7-m/nofp\libc_nano.a
LOAD I:/software/STM32CubeIDE_1.15.1/STM32CubeIDE/plugins/com.st.stm32cube.ide.mcu.externaltools.gnu-tools-for-stm32.12.3.rel1.win32_1.0.100.202403111256/tools/bin/../lib/gcc/arm-none-eabi/12.3.1/../../../../arm-none-eabi/lib/thumb/v7-m/nofp\libnosys.a
END GROUP
START GROUP
LOAD I:/software/STM32CubeIDE_1.15.1/STM32CubeIDE/plugins/com.st.stm32cube.ide.mcu.externaltools.gnu-tools-for-stm32.12.3.rel1.win32_1.0.100.202403111256/tools/bin/../lib/gcc/arm-none-eabi/12.3.1/thumb/v7-m/nofp\libgcc.a
LOAD I:/software/STM32CubeIDE_1.15.1/STM32CubeIDE/plugins/com.st.stm32cube.ide.mcu.externaltools.gnu-tools-for-stm32.12.3.rel1.win32_1.0.100.202403111256/tools/bin/../lib/gcc/arm-none-eabi/12.3.1/../../../../arm-none-eabi/lib/thumb/v7-m/nofp\libc_nano.a
LOAD I:/software/STM32CubeIDE_1.15.1/STM32CubeIDE/plugins/com.st.stm32cube.ide.mcu.externaltools.gnu-tools-for-stm32.12.3.rel1.win32_1.0.100.202403111256/tools/bin/../lib/gcc/arm-none-eabi/12.3.1/../../../../arm-none-eabi/lib/thumb/v7-m/nofp\libnosys.a
END GROUP
LOAD I:/software/STM32CubeIDE_1.15.1/STM32CubeIDE/plugins/com.st.stm32cube.ide.mcu.externaltools.gnu-tools-for-stm32.12.3.rel1.win32_1.0.100.202403111256/tools/bin/../lib/gcc/arm-none-eabi/12.3.1/thumb/v7-m/nofp/crtend.o
LOAD I:/software/STM32CubeIDE_1.15.1/STM32CubeIDE/plugins/com.st.stm32cube.ide.mcu.externaltools.gnu-tools-for-stm32.12.3.rel1.win32_1.0.100.202403111256/tools/bin/../lib/gcc/arm-none-eabi/12.3.1/thumb/v7-m/nofp/crtn.o
                0x20005000                        _estack = (ORIGIN (RAM) + LENGTH (RAM))
                0x00000200                        _Min_Heap_Size = 0x200
                0x00000400                        _Min_Stack_Size = 0x400

.isr_vector     0x08000000      0x10c
                0x08000000                        . = ALIGN (0x4)
 *(.isr_vector)
 .isr_vector    0x08000000      0x10c ./Core/Startup/startup_stm32f103c8tx.o
                0x08000000                g_pfnVectors
                0x0800010c                        . = ALIGN (0x4)

.text           0x0800010c     0x28bc
                0x0800010c                        . = ALIGN (0x4)
 *(.text)
 .text          0x0800010c       0x40 I:/software/STM32CubeIDE_1.15.1/STM32CubeIDE/plugins/com.st.stm32cube.ide.mcu.externaltools.gnu-tools-for-stm32.12.3.rel1.win32_1.0.100.202403111256/tools/bin/../lib/gcc/arm-none-eabi/12.3.1/thumb/v7-m/nofp/crtbegin.o
 *(.text*)
 .text.LCD_DrawPoint
                0x0800014c       0x2e ./Core/Src/SPI/lcd.o
                0x0800014c                LCD_DrawPoint
 *fill*         0x0800017a        0x2 
 .text.LCD_ShowChar
                0x0800017c      0x1c0 ./Core/Src/SPI/lcd.o
                0x0800017c                LCD_ShowChar
 .text.LCD_ShowString
                0x0800033c       0x60 ./Core/Src/SPI/lcd.o
                0x0800033c                LCD_ShowString
 .text.LCD_ShowPicture
                0x0800039c       0xd2 ./Core/Src/SPI/lcd.o
                0x0800039c                LCD_ShowPicture
 *fill*         0x0800046e        0x2 
 .text.LCD_Writ_Bus
                0x08000470       0x74 ./Core/Src/SPI/lcd_Init.o
                0x08000470                LCD_Writ_Bus
 .text.LCD_WR_DATA8
                0x080004e4       0x44 ./Core/Src/SPI/lcd_Init.o
                0x080004e4                LCD_WR_DATA8
 .text.LCD_WR_DATA
                0x08000528       0x54 ./Core/Src/SPI/lcd_Init.o
                0x08000528                LCD_WR_DATA
 .text.LCD_WR_REG
                0x0800057c       0x44 ./Core/Src/SPI/lcd_Init.o
                0x0800057c                LCD_WR_REG
 .text.LCD_Address_Set
                0x080005c0       0x68 ./Core/Src/SPI/lcd_Init.o
                0x080005c0                LCD_Address_Set
 .text.LCD_clear
                0x08000628       0x82 ./Core/Src/SPI/lcd_Init.o
                0x08000628                LCD_clear
 *fill*         0x080006aa        0x2 
 .text.LCD_Init
                0x080006ac      0x1e8 ./Core/Src/SPI/lcd_Init.o
                0x080006ac                LCD_Init
 .text.Fan_Init
                0x08000894       0x2c ./Core/Src/Switch.o
                0x08000894                Fan_Init
 .text.Fan_Fast
                0x080008c0       0x74 ./Core/Src/Switch.o
                0x080008c0                Fan_Fast
 .text.Fan_Slow
                0x08000934       0x70 ./Core/Src/Switch.o
                0x08000934                Fan_Slow
 .text.MX_GPIO_Init
                0x080009a4      0x118 ./Core/Src/gpio.o
                0x080009a4                MX_GPIO_Init
 .text.HAL_GPIO_EXTI_Callback
                0x08000abc       0x3c ./Core/Src/main.o
                0x08000abc                HAL_GPIO_EXTI_Callback
 .text.main     0x08000af8       0xb4 ./Core/Src/main.o
                0x08000af8                main
 .text.SystemClock_Config
                0x08000bac       0x8a ./Core/Src/main.o
                0x08000bac                SystemClock_Config
 .text.Error_Handler
                0x08000c36        0xc ./Core/Src/main.o
                0x08000c36                Error_Handler
 *fill*         0x08000c42        0x2 
 .text.HAL_MspInit
                0x08000c44       0x64 ./Core/Src/stm32f1xx_hal_msp.o
                0x08000c44                HAL_MspInit
 .text.NMI_Handler
                0x08000ca8        0x8 ./Core/Src/stm32f1xx_it.o
                0x08000ca8                NMI_Handler
 .text.HardFault_Handler
                0x08000cb0        0x8 ./Core/Src/stm32f1xx_it.o
                0x08000cb0                HardFault_Handler
 .text.MemManage_Handler
                0x08000cb8        0x8 ./Core/Src/stm32f1xx_it.o
                0x08000cb8                MemManage_Handler
 .text.BusFault_Handler
                0x08000cc0        0x8 ./Core/Src/stm32f1xx_it.o
                0x08000cc0                BusFault_Handler
 .text.UsageFault_Handler
                0x08000cc8        0x8 ./Core/Src/stm32f1xx_it.o
                0x08000cc8                UsageFault_Handler
 .text.SVC_Handler
                0x08000cd0        0xc ./Core/Src/stm32f1xx_it.o
                0x08000cd0                SVC_Handler
 .text.DebugMon_Handler
                0x08000cdc        0xc ./Core/Src/stm32f1xx_it.o
                0x08000cdc                DebugMon_Handler
 .text.PendSV_Handler
                0x08000ce8        0xc ./Core/Src/stm32f1xx_it.o
                0x08000ce8                PendSV_Handler
 .text.SysTick_Handler
                0x08000cf4        0xc ./Core/Src/stm32f1xx_it.o
                0x08000cf4                SysTick_Handler
 .text.EXTI15_10_IRQHandler
                0x08000d00       0x20 ./Core/Src/stm32f1xx_it.o
                0x08000d00                EXTI15_10_IRQHandler
 .text.SystemInit
                0x08000d20        0xc ./Core/Src/system_stm32f1xx.o
                0x08000d20                SystemInit
 .text.MX_TIM2_Init
                0x08000d2c       0xec ./Core/Src/tim.o
                0x08000d2c                MX_TIM2_Init
 .text.HAL_TIM_Base_MspInit
                0x08000e18       0x38 ./Core/Src/tim.o
                0x08000e18                HAL_TIM_Base_MspInit
 .text.HAL_TIM_MspPostInit
                0x08000e50       0x60 ./Core/Src/tim.o
                0x08000e50                HAL_TIM_MspPostInit
 .text.Reset_Handler
                0x08000eb0       0x48 ./Core/Startup/startup_stm32f103c8tx.o
                0x08000eb0                Reset_Handler
 .text.Default_Handler
                0x08000ef8        0x2 ./Core/Startup/startup_stm32f103c8tx.o
                0x08000ef8                RTC_Alarm_IRQHandler
                0x08000ef8                EXTI2_IRQHandler
                0x08000ef8                TIM1_CC_IRQHandler
                0x08000ef8                PVD_IRQHandler
                0x08000ef8                EXTI3_IRQHandler
                0x08000ef8                EXTI0_IRQHandler
                0x08000ef8                I2C2_EV_IRQHandler
                0x08000ef8                ADC1_2_IRQHandler
                0x08000ef8                SPI1_IRQHandler
                0x08000ef8                TAMPER_IRQHandler
                0x08000ef8                DMA1_Channel4_IRQHandler
                0x08000ef8                USART3_IRQHandler
                0x08000ef8                RTC_IRQHandler
                0x08000ef8                DMA1_Channel7_IRQHandler
                0x08000ef8                CAN1_RX1_IRQHandler
                0x08000ef8                TIM4_IRQHandler
                0x08000ef8                I2C1_EV_IRQHandler
                0x08000ef8                DMA1_Channel6_IRQHandler
                0x08000ef8                TIM3_IRQHandler
                0x08000ef8                RCC_IRQHandler
                0x08000ef8                TIM1_TRG_COM_IRQHandler
                0x08000ef8                DMA1_Channel1_IRQHandler
                0x08000ef8                Default_Handler
                0x08000ef8                EXTI9_5_IRQHandler
                0x08000ef8                SPI2_IRQHandler
                0x08000ef8                DMA1_Channel5_IRQHandler
                0x08000ef8                EXTI4_IRQHandler
                0x08000ef8                USB_LP_CAN1_RX0_IRQHandler
                0x08000ef8                USB_HP_CAN1_TX_IRQHandler
                0x08000ef8                DMA1_Channel3_IRQHandler
                0x08000ef8                TIM1_UP_IRQHandler
                0x08000ef8                WWDG_IRQHandler
                0x08000ef8                TIM2_IRQHandler
                0x08000ef8                TIM1_BRK_IRQHandler
                0x08000ef8                EXTI1_IRQHandler
                0x08000ef8                USART2_IRQHandler
                0x08000ef8                I2C2_ER_IRQHandler
                0x08000ef8                DMA1_Channel2_IRQHandler
                0x08000ef8                CAN1_SCE_IRQHandler
                0x08000ef8                FLASH_IRQHandler
                0x08000ef8                USART1_IRQHandler
                0x08000ef8                I2C1_ER_IRQHandler
                0x08000ef8                USBWakeUp_IRQHandler
 *fill*         0x08000efa        0x2 
 .text.HAL_Init
                0x08000efc       0x2c ./Drivers/STM32F1xx_HAL_Driver/Src/stm32f1xx_hal.o
                0x08000efc                HAL_Init
 .text.HAL_InitTick
                0x08000f28       0x60 ./Drivers/STM32F1xx_HAL_Driver/Src/stm32f1xx_hal.o
                0x08000f28                HAL_InitTick
 .text.HAL_IncTick
                0x08000f88       0x24 ./Drivers/STM32F1xx_HAL_Driver/Src/stm32f1xx_hal.o
                0x08000f88                HAL_IncTick
 .text.HAL_GetTick
                0x08000fac       0x14 ./Drivers/STM32F1xx_HAL_Driver/Src/stm32f1xx_hal.o
                0x08000fac                HAL_GetTick
 .text.HAL_Delay
                0x08000fc0       0x48 ./Drivers/STM32F1xx_HAL_Driver/Src/stm32f1xx_hal.o
                0x08000fc0                HAL_Delay
 .text.__NVIC_SetPriorityGrouping
                0x08001008       0x48 ./Drivers/STM32F1xx_HAL_Driver/Src/stm32f1xx_hal_cortex.o
 .text.__NVIC_GetPriorityGrouping
                0x08001050       0x1c ./Drivers/STM32F1xx_HAL_Driver/Src/stm32f1xx_hal_cortex.o
 .text.__NVIC_EnableIRQ
                0x0800106c       0x38 ./Drivers/STM32F1xx_HAL_Driver/Src/stm32f1xx_hal_cortex.o
 .text.__NVIC_SetPriority
                0x080010a4       0x54 ./Drivers/STM32F1xx_HAL_Driver/Src/stm32f1xx_hal_cortex.o
 .text.NVIC_EncodePriority
                0x080010f8       0x64 ./Drivers/STM32F1xx_HAL_Driver/Src/stm32f1xx_hal_cortex.o
 .text.SysTick_Config
                0x0800115c       0x44 ./Drivers/STM32F1xx_HAL_Driver/Src/stm32f1xx_hal_cortex.o
 .text.HAL_NVIC_SetPriorityGrouping
                0x080011a0       0x16 ./Drivers/STM32F1xx_HAL_Driver/Src/stm32f1xx_hal_cortex.o
                0x080011a0                HAL_NVIC_SetPriorityGrouping
 .text.HAL_NVIC_SetPriority
                0x080011b6       0x38 ./Drivers/STM32F1xx_HAL_Driver/Src/stm32f1xx_hal_cortex.o
                0x080011b6                HAL_NVIC_SetPriority
 .text.HAL_NVIC_EnableIRQ
                0x080011ee       0x1c ./Drivers/STM32F1xx_HAL_Driver/Src/stm32f1xx_hal_cortex.o
                0x080011ee                HAL_NVIC_EnableIRQ
 .text.HAL_SYSTICK_Config
                0x0800120a       0x18 ./Drivers/STM32F1xx_HAL_Driver/Src/stm32f1xx_hal_cortex.o
                0x0800120a                HAL_SYSTICK_Config
 *fill*         0x08001222        0x2 
 .text.HAL_GPIO_Init
                0x08001224      0x308 ./Drivers/STM32F1xx_HAL_Driver/Src/stm32f1xx_hal_gpio.o
                0x08001224                HAL_GPIO_Init
 .text.HAL_GPIO_ReadPin
                0x0800152c       0x2e ./Drivers/STM32F1xx_HAL_Driver/Src/stm32f1xx_hal_gpio.o
                0x0800152c                HAL_GPIO_ReadPin
 .text.HAL_GPIO_WritePin
                0x0800155a       0x30 ./Drivers/STM32F1xx_HAL_Driver/Src/stm32f1xx_hal_gpio.o
                0x0800155a                HAL_GPIO_WritePin
 *fill*         0x0800158a        0x2 
 .text.HAL_GPIO_EXTI_IRQHandler
                0x0800158c       0x30 ./Drivers/STM32F1xx_HAL_Driver/Src/stm32f1xx_hal_gpio.o
                0x0800158c                HAL_GPIO_EXTI_IRQHandler
 .text.HAL_RCC_OscConfig
                0x080015bc      0x504 ./Drivers/STM32F1xx_HAL_Driver/Src/stm32f1xx_hal_rcc.o
                0x080015bc                HAL_RCC_OscConfig
 .text.HAL_RCC_ClockConfig
                0x08001ac0      0x1d4 ./Drivers/STM32F1xx_HAL_Driver/Src/stm32f1xx_hal_rcc.o
                0x08001ac0                HAL_RCC_ClockConfig
 .text.HAL_RCC_GetSysClockFreq
                0x08001c94       0xa8 ./Drivers/STM32F1xx_HAL_Driver/Src/stm32f1xx_hal_rcc.o
                0x08001c94                HAL_RCC_GetSysClockFreq
 .text.RCC_Delay
                0x08001d3c       0x3c ./Drivers/STM32F1xx_HAL_Driver/Src/stm32f1xx_hal_rcc.o
 .text.HAL_TIM_Base_Init
                0x08001d78       0x9e ./Drivers/STM32F1xx_HAL_Driver/Src/stm32f1xx_hal_tim.o
                0x08001d78                HAL_TIM_Base_Init
 .text.HAL_TIM_PWM_Init
                0x08001e16       0x9e ./Drivers/STM32F1xx_HAL_Driver/Src/stm32f1xx_hal_tim.o
                0x08001e16                HAL_TIM_PWM_Init
 .text.HAL_TIM_PWM_MspInit
                0x08001eb4       0x12 ./Drivers/STM32F1xx_HAL_Driver/Src/stm32f1xx_hal_tim.o
                0x08001eb4                HAL_TIM_PWM_MspInit
 *fill*         0x08001ec6        0x2 
 .text.HAL_TIM_PWM_Start
                0x08001ec8      0x144 ./Drivers/STM32F1xx_HAL_Driver/Src/stm32f1xx_hal_tim.o
                0x08001ec8                HAL_TIM_PWM_Start
 .text.HAL_TIM_PWM_ConfigChannel
                0x0800200c      0x184 ./Drivers/STM32F1xx_HAL_Driver/Src/stm32f1xx_hal_tim.o
                0x0800200c                HAL_TIM_PWM_ConfigChannel
 .text.HAL_TIM_ConfigClockSource
                0x08002190      0x18e ./Drivers/STM32F1xx_HAL_Driver/Src/stm32f1xx_hal_tim.o
                0x08002190                HAL_TIM_ConfigClockSource
 *fill*         0x0800231e        0x2 
 .text.TIM_Base_SetConfig
                0x08002320       0xdc ./Drivers/STM32F1xx_HAL_Driver/Src/stm32f1xx_hal_tim.o
                0x08002320                TIM_Base_SetConfig
 .text.TIM_OC1_SetConfig
                0x080023fc       0xcc ./Drivers/STM32F1xx_HAL_Driver/Src/stm32f1xx_hal_tim.o
 .text.TIM_OC2_SetConfig
                0x080024c8       0xd4 ./Drivers/STM32F1xx_HAL_Driver/Src/stm32f1xx_hal_tim.o
                0x080024c8                TIM_OC2_SetConfig
 .text.TIM_OC3_SetConfig
                0x0800259c       0xd4 ./Drivers/STM32F1xx_HAL_Driver/Src/stm32f1xx_hal_tim.o
 .text.TIM_OC4_SetConfig
                0x08002670       0x9c ./Drivers/STM32F1xx_HAL_Driver/Src/stm32f1xx_hal_tim.o
 .text.TIM_TI1_ConfigInputStage
                0x0800270c       0x5c ./Drivers/STM32F1xx_HAL_Driver/Src/stm32f1xx_hal_tim.o
 .text.TIM_TI2_ConfigInputStage
                0x08002768       0x5e ./Drivers/STM32F1xx_HAL_Driver/Src/stm32f1xx_hal_tim.o
 .text.TIM_ITRx_SetConfig
                0x080027c6       0x34 ./Drivers/STM32F1xx_HAL_Driver/Src/stm32f1xx_hal_tim.o
 .text.TIM_ETR_SetConfig
                0x080027fa       0x3e ./Drivers/STM32F1xx_HAL_Driver/Src/stm32f1xx_hal_tim.o
                0x080027fa                TIM_ETR_SetConfig
 .text.TIM_CCxChannelCmd
                0x08002838       0x48 ./Drivers/STM32F1xx_HAL_Driver/Src/stm32f1xx_hal_tim.o
                0x08002838                TIM_CCxChannelCmd
 .text.HAL_TIMEx_MasterConfigSynchronization
                0x08002880       0xbc ./Drivers/STM32F1xx_HAL_Driver/Src/stm32f1xx_hal_tim_ex.o
                0x08002880                HAL_TIMEx_MasterConfigSynchronization
 .text.memset   0x0800293c       0x10 I:/software/STM32CubeIDE_1.15.1/STM32CubeIDE/plugins/com.st.stm32cube.ide.mcu.externaltools.gnu-tools-for-stm32.12.3.rel1.win32_1.0.100.202403111256/tools/bin/../lib/gcc/arm-none-eabi/12.3.1/../../../../arm-none-eabi/lib/thumb/v7-m/nofp\libc_nano.a(libc_a-memset.o)
                0x0800293c                memset
 .text.__libc_init_array
                0x0800294c       0x48 I:/software/STM32CubeIDE_1.15.1/STM32CubeIDE/plugins/com.st.stm32cube.ide.mcu.externaltools.gnu-tools-for-stm32.12.3.rel1.win32_1.0.100.202403111256/tools/bin/../lib/gcc/arm-none-eabi/12.3.1/../../../../arm-none-eabi/lib/thumb/v7-m/nofp\libc_nano.a(libc_a-init.o)
                0x0800294c                __libc_init_array
 .text.memcpy   0x08002994       0x1c I:/software/STM32CubeIDE_1.15.1/STM32CubeIDE/plugins/com.st.stm32cube.ide.mcu.externaltools.gnu-tools-for-stm32.12.3.rel1.win32_1.0.100.202403111256/tools/bin/../lib/gcc/arm-none-eabi/12.3.1/../../../../arm-none-eabi/lib/thumb/v7-m/nofp\libc_nano.a(libc_a-memcpy-stub.o)
                0x08002994                memcpy
 *(.glue_7)
 .glue_7        0x080029b0        0x0 linker stubs
 *(.glue_7t)
 .glue_7t       0x080029b0        0x0 linker stubs
 *(.eh_frame)
 .eh_frame      0x080029b0        0x0 I:/software/STM32CubeIDE_1.15.1/STM32CubeIDE/plugins/com.st.stm32cube.ide.mcu.externaltools.gnu-tools-for-stm32.12.3.rel1.win32_1.0.100.202403111256/tools/bin/../lib/gcc/arm-none-eabi/12.3.1/thumb/v7-m/nofp/crtbegin.o
 *(.init)
 .init          0x080029b0        0x4 I:/software/STM32CubeIDE_1.15.1/STM32CubeIDE/plugins/com.st.stm32cube.ide.mcu.externaltools.gnu-tools-for-stm32.12.3.rel1.win32_1.0.100.202403111256/tools/bin/../lib/gcc/arm-none-eabi/12.3.1/thumb/v7-m/nofp/crti.o
                0x080029b0                _init
 .init          0x080029b4        0x8 I:/software/STM32CubeIDE_1.15.1/STM32CubeIDE/plugins/com.st.stm32cube.ide.mcu.externaltools.gnu-tools-for-stm32.12.3.rel1.win32_1.0.100.202403111256/tools/bin/../lib/gcc/arm-none-eabi/12.3.1/thumb/v7-m/nofp/crtn.o
 *(.fini)
 .fini          0x080029bc        0x4 I:/software/STM32CubeIDE_1.15.1/STM32CubeIDE/plugins/com.st.stm32cube.ide.mcu.externaltools.gnu-tools-for-stm32.12.3.rel1.win32_1.0.100.202403111256/tools/bin/../lib/gcc/arm-none-eabi/12.3.1/thumb/v7-m/nofp/crti.o
                0x080029bc                _fini
 .fini          0x080029c0        0x8 I:/software/STM32CubeIDE_1.15.1/STM32CubeIDE/plugins/com.st.stm32cube.ide.mcu.externaltools.gnu-tools-for-stm32.12.3.rel1.win32_1.0.100.202403111256/tools/bin/../lib/gcc/arm-none-eabi/12.3.1/thumb/v7-m/nofp/crtn.o
                0x080029c8                        . = ALIGN (0x4)
                0x080029c8                        _etext = .

.vfp11_veneer   0x080029c8        0x0
 .vfp11_veneer  0x080029c8        0x0 linker stubs

.v4_bx          0x080029c8        0x0
 .v4_bx         0x080029c8        0x0 linker stubs

.iplt           0x080029c8        0x0
 .iplt          0x080029c8        0x0 I:/software/STM32CubeIDE_1.15.1/STM32CubeIDE/plugins/com.st.stm32cube.ide.mcu.externaltools.gnu-tools-for-stm32.12.3.rel1.win32_1.0.100.202403111256/tools/bin/../lib/gcc/arm-none-eabi/12.3.1/thumb/v7-m/nofp/crtbegin.o

.rodata         0x080029c8     0xca38
                0x080029c8                        . = ALIGN (0x4)
 *(.rodata)
 .rodata        0x080029c8        0x5 ./Core/Src/main.o
 *(.rodata*)
 *fill*         0x080029cd        0x3 
 .rodata.ascii_1206
                0x080029d0      0x474 ./Core/Src/SPI/lcd.o
                0x080029d0                ascii_1206
 .rodata.ascii_1608
                0x08002e44      0x5f0 ./Core/Src/SPI/lcd.o
                0x08002e44                ascii_1608
 .rodata.ascii_2412
                0x08003434     0x11d0 ./Core/Src/SPI/lcd.o
                0x08003434                ascii_2412
 .rodata.ascii_3216
                0x08004604     0x17c0 ./Core/Src/SPI/lcd.o
                0x08004604                ascii_3216
 .rodata.AHBPrescTable
                0x08005dc4       0x10 ./Core/Src/system_stm32f1xx.o
                0x08005dc4                AHBPrescTable
 .rodata.gImage_Fan1
                0x08005dd4     0x3208 ./Core/Src/picture/Fan1.o
                0x08005dd4                gImage_Fan1
 .rodata.gImage_Fan2
                0x08008fdc     0x3208 ./Core/Src/picture/Fan2.o
                0x08008fdc                gImage_Fan2
 .rodata.gImage_Fan3
                0x0800c1e4     0x3208 ./Core/Src/picture/Fan3.o
                0x0800c1e4                gImage_Fan3
 .rodata.aPLLMULFactorTable.1
                0x0800f3ec       0x10 ./Drivers/STM32F1xx_HAL_Driver/Src/stm32f1xx_hal_rcc.o
 .rodata.aPredivFactorTable.0
                0x0800f3fc        0x2 ./Drivers/STM32F1xx_HAL_Driver/Src/stm32f1xx_hal_rcc.o
                0x0800f400                        . = ALIGN (0x4)
 *fill*         0x0800f3fe        0x2 

.ARM.extab      0x0800f400        0x0
                0x0800f400                        . = ALIGN (0x4)
 *(.ARM.extab* .gnu.linkonce.armextab.*)
                0x0800f400                        . = ALIGN (0x4)

.ARM            0x0800f400        0x0
                0x0800f400                        . = ALIGN (0x4)
                0x0800f400                        __exidx_start = .
 *(.ARM.exidx*)
                0x0800f400                        __exidx_end = .
                0x0800f400                        . = ALIGN (0x4)

.preinit_array  0x0800f400        0x0
                0x0800f400                        . = ALIGN (0x4)
                0x0800f400                        PROVIDE (__preinit_array_start = .)
 *(.preinit_array*)
                0x0800f400                        PROVIDE (__preinit_array_end = .)
                0x0800f400                        . = ALIGN (0x4)

.init_array     0x0800f400        0x4
                0x0800f400                        . = ALIGN (0x4)
                0x0800f400                        PROVIDE (__init_array_start = .)
 *(SORT_BY_NAME(.init_array.*))
 *(.init_array*)
 .init_array    0x0800f400        0x4 I:/software/STM32CubeIDE_1.15.1/STM32CubeIDE/plugins/com.st.stm32cube.ide.mcu.externaltools.gnu-tools-for-stm32.12.3.rel1.win32_1.0.100.202403111256/tools/bin/../lib/gcc/arm-none-eabi/12.3.1/thumb/v7-m/nofp/crtbegin.o
                0x0800f404                        PROVIDE (__init_array_end = .)
                0x0800f404                        . = ALIGN (0x4)

.fini_array     0x0800f404        0x4
                0x0800f404                        . = ALIGN (0x4)
                [!provide]                        PROVIDE (__fini_array_start = .)
 *(SORT_BY_NAME(.fini_array.*))
 *(.fini_array*)
 .fini_array    0x0800f404        0x4 I:/software/STM32CubeIDE_1.15.1/STM32CubeIDE/plugins/com.st.stm32cube.ide.mcu.externaltools.gnu-tools-for-stm32.12.3.rel1.win32_1.0.100.202403111256/tools/bin/../lib/gcc/arm-none-eabi/12.3.1/thumb/v7-m/nofp/crtbegin.o
                [!provide]                        PROVIDE (__fini_array_end = .)
                0x0800f408                        . = ALIGN (0x4)
                0x0800f408                        _sidata = LOADADDR (.data)

.rel.dyn        0x0800f408        0x0
 .rel.iplt      0x0800f408        0x0 I:/software/STM32CubeIDE_1.15.1/STM32CubeIDE/plugins/com.st.stm32cube.ide.mcu.externaltools.gnu-tools-for-stm32.12.3.rel1.win32_1.0.100.202403111256/tools/bin/../lib/gcc/arm-none-eabi/12.3.1/thumb/v7-m/nofp/crtbegin.o

.data           0x20000000        0xc load address 0x0800f408
                0x20000000                        . = ALIGN (0x4)
                0x20000000                        _sdata = .
 *(.data)
 *(.data*)
 .data.SystemCoreClock
                0x20000000        0x4 ./Core/Src/system_stm32f1xx.o
                0x20000000                SystemCoreClock
 .data.uwTickPrio
                0x20000004        0x4 ./Drivers/STM32F1xx_HAL_Driver/Src/stm32f1xx_hal.o
                0x20000004                uwTickPrio
 .data.uwTickFreq
                0x20000008        0x1 ./Drivers/STM32F1xx_HAL_Driver/Src/stm32f1xx_hal.o
                0x20000008                uwTickFreq
 *(.RamFunc)
 *(.RamFunc*)
                0x2000000c                        . = ALIGN (0x4)
 *fill*         0x20000009        0x3 
                0x2000000c                        _edata = .

.igot.plt       0x2000000c        0x0 load address 0x0800f414
 .igot.plt      0x2000000c        0x0 I:/software/STM32CubeIDE_1.15.1/STM32CubeIDE/plugins/com.st.stm32cube.ide.mcu.externaltools.gnu-tools-for-stm32.12.3.rel1.win32_1.0.100.202403111256/tools/bin/../lib/gcc/arm-none-eabi/12.3.1/thumb/v7-m/nofp/crtbegin.o
                0x2000000c                        . = ALIGN (0x4)

.bss            0x2000000c       0xb4 load address 0x0800f414
                0x2000000c                        _sbss = .
                0x2000000c                        __bss_start__ = _sbss
 *(.bss)
 .bss           0x2000000c       0x1c I:/software/STM32CubeIDE_1.15.1/STM32CubeIDE/plugins/com.st.stm32cube.ide.mcu.externaltools.gnu-tools-for-stm32.12.3.rel1.win32_1.0.100.202403111256/tools/bin/../lib/gcc/arm-none-eabi/12.3.1/thumb/v7-m/nofp/crtbegin.o
 *(.bss*)
 .bss.CCR2      0x20000028        0x2 ./Core/Src/Switch.o
                0x20000028                CCR2
 *fill*         0x2000002a        0x2 
 .bss.htim      0x2000002c       0x48 ./Core/Src/Switch.o
                0x2000002c                htim
 .bss.htim2     0x20000074       0x48 ./Core/Src/tim.o
                0x20000074                htim2
 .bss.uwTick    0x200000bc        0x4 ./Drivers/STM32F1xx_HAL_Driver/Src/stm32f1xx_hal.o
                0x200000bc                uwTick
 *(COMMON)
                0x200000c0                        . = ALIGN (0x4)
                0x200000c0                        _ebss = .
                0x200000c0                        __bss_end__ = _ebss

._user_heap_stack
                0x200000c0      0x600 load address 0x0800f414
                0x200000c0                        . = ALIGN (0x8)
                [!provide]                        PROVIDE (end = .)
                0x200000c0                        PROVIDE (_end = .)
                0x200002c0                        . = (. + _Min_Heap_Size)
 *fill*         0x200000c0      0x200 
                0x200006c0                        . = (. + _Min_Stack_Size)
 *fill*         0x200002c0      0x400 
                0x200006c0                        . = ALIGN (0x8)

/DISCARD/
 libc.a(*)
 libm.a(*)
 libgcc.a(*)

.ARM.attributes
                0x00000000       0x29
 *(.ARM.attributes)
 .ARM.attributes
                0x00000000       0x1d I:/software/STM32CubeIDE_1.15.1/STM32CubeIDE/plugins/com.st.stm32cube.ide.mcu.externaltools.gnu-tools-for-stm32.12.3.rel1.win32_1.0.100.202403111256/tools/bin/../lib/gcc/arm-none-eabi/12.3.1/thumb/v7-m/nofp/crti.o
 .ARM.attributes
                0x0000001d       0x2d I:/software/STM32CubeIDE_1.15.1/STM32CubeIDE/plugins/com.st.stm32cube.ide.mcu.externaltools.gnu-tools-for-stm32.12.3.rel1.win32_1.0.100.202403111256/tools/bin/../lib/gcc/arm-none-eabi/12.3.1/thumb/v7-m/nofp/crtbegin.o
 .ARM.attributes
                0x0000004a       0x2d ./Core/Src/SPI/lcd.o
 .ARM.attributes
                0x00000077       0x2d ./Core/Src/SPI/lcd_Init.o
 .ARM.attributes
                0x000000a4       0x2d ./Core/Src/Switch.o
 .ARM.attributes
                0x000000d1       0x2d ./Core/Src/gpio.o
 .ARM.attributes
                0x000000fe       0x2d ./Core/Src/main.o
 .ARM.attributes
                0x0000012b       0x2d ./Core/Src/stm32f1xx_hal_msp.o
 .ARM.attributes
                0x00000158       0x2d ./Core/Src/stm32f1xx_it.o
 .ARM.attributes
                0x00000185       0x2d ./Core/Src/system_stm32f1xx.o
 .ARM.attributes
                0x000001b2       0x2d ./Core/Src/tim.o
 .ARM.attributes
                0x000001df       0x2d ./Core/Src/picture/Fan1.o
 .ARM.attributes
                0x0000020c       0x2d ./Core/Src/picture/Fan2.o
 .ARM.attributes
                0x00000239       0x2d ./Core/Src/picture/Fan3.o
 .ARM.attributes
                0x00000266       0x21 ./Core/Startup/startup_stm32f103c8tx.o
 .ARM.attributes
                0x00000287       0x2d ./Drivers/STM32F1xx_HAL_Driver/Src/stm32f1xx_hal.o
 .ARM.attributes
                0x000002b4       0x2d ./Drivers/STM32F1xx_HAL_Driver/Src/stm32f1xx_hal_cortex.o
 .ARM.attributes
                0x000002e1       0x2d ./Drivers/STM32F1xx_HAL_Driver/Src/stm32f1xx_hal_gpio.o
 .ARM.attributes
                0x0000030e       0x2d ./Drivers/STM32F1xx_HAL_Driver/Src/stm32f1xx_hal_rcc.o
 .ARM.attributes
                0x0000033b       0x2d ./Drivers/STM32F1xx_HAL_Driver/Src/stm32f1xx_hal_tim.o
 .ARM.attributes
                0x00000368       0x2d ./Drivers/STM32F1xx_HAL_Driver/Src/stm32f1xx_hal_tim_ex.o
 .ARM.attributes
                0x00000395       0x2d I:/software/STM32CubeIDE_1.15.1/STM32CubeIDE/plugins/com.st.stm32cube.ide.mcu.externaltools.gnu-tools-for-stm32.12.3.rel1.win32_1.0.100.202403111256/tools/bin/../lib/gcc/arm-none-eabi/12.3.1/../../../../arm-none-eabi/lib/thumb/v7-m/nofp\libc_nano.a(libc_a-memset.o)
 .ARM.attributes
                0x000003c2       0x2d I:/software/STM32CubeIDE_1.15.1/STM32CubeIDE/plugins/com.st.stm32cube.ide.mcu.externaltools.gnu-tools-for-stm32.12.3.rel1.win32_1.0.100.202403111256/tools/bin/../lib/gcc/arm-none-eabi/12.3.1/../../../../arm-none-eabi/lib/thumb/v7-m/nofp\libc_nano.a(libc_a-init.o)
 .ARM.attributes
                0x000003ef       0x2d I:/software/STM32CubeIDE_1.15.1/STM32CubeIDE/plugins/com.st.stm32cube.ide.mcu.externaltools.gnu-tools-for-stm32.12.3.rel1.win32_1.0.100.202403111256/tools/bin/../lib/gcc/arm-none-eabi/12.3.1/../../../../arm-none-eabi/lib/thumb/v7-m/nofp\libc_nano.a(libc_a-memcpy-stub.o)
 .ARM.attributes
                0x0000041c       0x1d I:/software/STM32CubeIDE_1.15.1/STM32CubeIDE/plugins/com.st.stm32cube.ide.mcu.externaltools.gnu-tools-for-stm32.12.3.rel1.win32_1.0.100.202403111256/tools/bin/../lib/gcc/arm-none-eabi/12.3.1/thumb/v7-m/nofp/crtn.o
OUTPUT(C8T6.elf elf32-littlearm)
LOAD linker stubs
LOAD I:/software/STM32CubeIDE_1.15.1/STM32CubeIDE/plugins/com.st.stm32cube.ide.mcu.externaltools.gnu-tools-for-stm32.12.3.rel1.win32_1.0.100.202403111256/tools/bin/../lib/gcc/arm-none-eabi/12.3.1/../../../../arm-none-eabi/lib/thumb/v7-m/nofp\libc.a
LOAD I:/software/STM32CubeIDE_1.15.1/STM32CubeIDE/plugins/com.st.stm32cube.ide.mcu.externaltools.gnu-tools-for-stm32.12.3.rel1.win32_1.0.100.202403111256/tools/bin/../lib/gcc/arm-none-eabi/12.3.1/../../../../arm-none-eabi/lib/thumb/v7-m/nofp\libm.a
LOAD I:/software/STM32CubeIDE_1.15.1/STM32CubeIDE/plugins/com.st.stm32cube.ide.mcu.externaltools.gnu-tools-for-stm32.12.3.rel1.win32_1.0.100.202403111256/tools/bin/../lib/gcc/arm-none-eabi/12.3.1/thumb/v7-m/nofp\libgcc.a

.debug_info     0x00000000     0x94c5
 .debug_info    0x00000000      0xd91 ./Core/Src/SPI/lcd.o
 .debug_info    0x00000d91      0x35b ./Core/Src/SPI/lcd_Init.o
 .debug_info    0x000010ec      0x7c0 ./Core/Src/Switch.o
 .debug_info    0x000018ac      0x432 ./Core/Src/gpio.o
 .debug_info    0x00001cde      0xa1e ./Core/Src/main.o
 .debug_info    0x000026fc      0x1f1 ./Core/Src/stm32f1xx_hal_msp.o
 .debug_info    0x000028ed      0x14b ./Core/Src/stm32f1xx_it.o
 .debug_info    0x00002a38      0x222 ./Core/Src/system_stm32f1xx.o
 .debug_info    0x00002c5a      0xa22 ./Core/Src/tim.o
 .debug_info    0x0000367c       0x5e ./Core/Src/picture/Fan1.o
 .debug_info    0x000036da       0x5e ./Core/Src/picture/Fan2.o
 .debug_info    0x00003738       0x5e ./Core/Src/picture/Fan3.o
 .debug_info    0x00003796       0x30 ./Core/Startup/startup_stm32f103c8tx.o
 .debug_info    0x000037c6      0x704 ./Drivers/STM32F1xx_HAL_Driver/Src/stm32f1xx_hal.o
 .debug_info    0x00003eca      0xa87 ./Drivers/STM32F1xx_HAL_Driver/Src/stm32f1xx_hal_cortex.o
 .debug_info    0x00004951      0x5ab ./Drivers/STM32F1xx_HAL_Driver/Src/stm32f1xx_hal_gpio.o
 .debug_info    0x00004efc      0x7d5 ./Drivers/STM32F1xx_HAL_Driver/Src/stm32f1xx_hal_rcc.o
 .debug_info    0x000056d1     0x2959 ./Drivers/STM32F1xx_HAL_Driver/Src/stm32f1xx_hal_tim.o
 .debug_info    0x0000802a     0x149b ./Drivers/STM32F1xx_HAL_Driver/Src/stm32f1xx_hal_tim_ex.o

.debug_abbrev   0x00000000     0x1da0
 .debug_abbrev  0x00000000      0x1ef ./Core/Src/SPI/lcd.o
 .debug_abbrev  0x000001ef      0x1c3 ./Core/Src/SPI/lcd_Init.o
 .debug_abbrev  0x000003b2      0x1bf ./Core/Src/Switch.o
 .debug_abbrev  0x00000571      0x161 ./Core/Src/gpio.o
 .debug_abbrev  0x000006d2      0x276 ./Core/Src/main.o
 .debug_abbrev  0x00000948       0xdb ./Core/Src/stm32f1xx_hal_msp.o
 .debug_abbrev  0x00000a23       0xa0 ./Core/Src/stm32f1xx_it.o
 .debug_abbrev  0x00000ac3      0x13f ./Core/Src/system_stm32f1xx.o
 .debug_abbrev  0x00000c02      0x230 ./Core/Src/tim.o
 .debug_abbrev  0x00000e32       0x49 ./Core/Src/picture/Fan1.o
 .debug_abbrev  0x00000e7b       0x49 ./Core/Src/picture/Fan2.o
 .debug_abbrev  0x00000ec4       0x49 ./Core/Src/picture/Fan3.o
 .debug_abbrev  0x00000f0d       0x24 ./Core/Startup/startup_stm32f103c8tx.o
 .debug_abbrev  0x00000f31      0x201 ./Drivers/STM32F1xx_HAL_Driver/Src/stm32f1xx_hal.o
 .debug_abbrev  0x00001132      0x2f8 ./Drivers/STM32F1xx_HAL_Driver/Src/stm32f1xx_hal_cortex.o
 .debug_abbrev  0x0000142a      0x1ca ./Drivers/STM32F1xx_HAL_Driver/Src/stm32f1xx_hal_gpio.o
 .debug_abbrev  0x000015f4      0x2b3 ./Drivers/STM32F1xx_HAL_Driver/Src/stm32f1xx_hal_rcc.o
 .debug_abbrev  0x000018a7      0x277 ./Drivers/STM32F1xx_HAL_Driver/Src/stm32f1xx_hal_tim.o
 .debug_abbrev  0x00001b1e      0x282 ./Drivers/STM32F1xx_HAL_Driver/Src/stm32f1xx_hal_tim_ex.o

.debug_aranges  0x00000000      0xae0
 .debug_aranges
                0x00000000       0xa0 ./Core/Src/SPI/lcd.o
 .debug_aranges
                0x000000a0       0x60 ./Core/Src/SPI/lcd_Init.o
 .debug_aranges
                0x00000100       0x30 ./Core/Src/Switch.o
 .debug_aranges
                0x00000130       0x20 ./Core/Src/gpio.o
 .debug_aranges
                0x00000150       0x38 ./Core/Src/main.o
 .debug_aranges
                0x00000188       0x20 ./Core/Src/stm32f1xx_hal_msp.o
 .debug_aranges
                0x000001a8       0x68 ./Core/Src/stm32f1xx_it.o
 .debug_aranges
                0x00000210       0x28 ./Core/Src/system_stm32f1xx.o
 .debug_aranges
                0x00000238       0x38 ./Core/Src/tim.o
 .debug_aranges
                0x00000270       0x18 ./Core/Src/picture/Fan1.o
 .debug_aranges
                0x00000288       0x18 ./Core/Src/picture/Fan2.o
 .debug_aranges
                0x000002a0       0x18 ./Core/Src/picture/Fan3.o
 .debug_aranges
                0x000002b8       0x28 ./Core/Startup/startup_stm32f103c8tx.o
 .debug_aranges
                0x000002e0       0xe0 ./Drivers/STM32F1xx_HAL_Driver/Src/stm32f1xx_hal.o
 .debug_aranges
                0x000003c0      0x100 ./Drivers/STM32F1xx_HAL_Driver/Src/stm32f1xx_hal_cortex.o
 .debug_aranges
                0x000004c0       0x58 ./Drivers/STM32F1xx_HAL_Driver/Src/stm32f1xx_hal_gpio.o
 .debug_aranges
                0x00000518       0x90 ./Drivers/STM32F1xx_HAL_Driver/Src/stm32f1xx_hal_rcc.o
 .debug_aranges
                0x000005a8      0x3d0 ./Drivers/STM32F1xx_HAL_Driver/Src/stm32f1xx_hal_tim.o
 .debug_aranges
                0x00000978      0x168 ./Drivers/STM32F1xx_HAL_Driver/Src/stm32f1xx_hal_tim_ex.o

.debug_rnglists
                0x00000000      0x81d
 .debug_rnglists
                0x00000000       0x7f ./Core/Src/SPI/lcd.o
 .debug_rnglists
                0x0000007f       0x47 ./Core/Src/SPI/lcd_Init.o
 .debug_rnglists
                0x000000c6       0x1f ./Core/Src/Switch.o
 .debug_rnglists
                0x000000e5       0x14 ./Core/Src/gpio.o
 .debug_rnglists
                0x000000f9       0x27 ./Core/Src/main.o
 .debug_rnglists
                0x00000120       0x13 ./Core/Src/stm32f1xx_hal_msp.o
 .debug_rnglists
                0x00000133       0x49 ./Core/Src/stm32f1xx_it.o
 .debug_rnglists
                0x0000017c       0x1a ./Core/Src/system_stm32f1xx.o
 .debug_rnglists
                0x00000196       0x26 ./Core/Src/tim.o
 .debug_rnglists
                0x000001bc       0x19 ./Core/Startup/startup_stm32f103c8tx.o
 .debug_rnglists
                0x000001d5       0xa3 ./Drivers/STM32F1xx_HAL_Driver/Src/stm32f1xx_hal.o
 .debug_rnglists
                0x00000278       0xbb ./Drivers/STM32F1xx_HAL_Driver/Src/stm32f1xx_hal_cortex.o
 .debug_rnglists
                0x00000333       0x3f ./Drivers/STM32F1xx_HAL_Driver/Src/stm32f1xx_hal_gpio.o
 .debug_rnglists
                0x00000372       0x6c ./Drivers/STM32F1xx_HAL_Driver/Src/stm32f1xx_hal_rcc.o
 .debug_rnglists
                0x000003de      0x31a ./Drivers/STM32F1xx_HAL_Driver/Src/stm32f1xx_hal_tim.o
 .debug_rnglists
                0x000006f8      0x125 ./Drivers/STM32F1xx_HAL_Driver/Src/stm32f1xx_hal_tim_ex.o

.debug_macro    0x00000000     0x1c95
 .debug_macro   0x00000000      0x1d4 ./Core/Src/SPI/lcd.o
 .debug_macro   0x000001d4       0xa0 ./Core/Src/SPI/lcd.o
 .debug_macro   0x00000274       0x64 ./Core/Src/SPI/lcd.o
 .debug_macro   0x000002d8       0x82 ./Core/Src/SPI/lcd.o
 .debug_macro   0x0000035a      0x1bb ./Core/Src/SPI/lcd_Init.o
 .debug_macro   0x00000515      0x1a3 ./Core/Src/Switch.o
 .debug_macro   0x000006b8      0x1b2 ./Core/Src/gpio.o
 .debug_macro   0x0000086a       0x9a ./Core/Src/gpio.o
 .debug_macro   0x00000904      0x1f5 ./Core/Src/main.o
 .debug_macro   0x00000af9       0x6a ./Core/Src/main.o
 .debug_macro   0x00000b63       0x22 ./Core/Src/main.o
 .debug_macro   0x00000b85      0x1a8 ./Core/Src/stm32f1xx_hal_msp.o
 .debug_macro   0x00000d2d      0x1b2 ./Core/Src/stm32f1xx_it.o
 .debug_macro   0x00000edf      0x199 ./Core/Src/system_stm32f1xx.o
 .debug_macro   0x00001078      0x1b2 ./Core/Src/tim.o
 .debug_macro   0x0000122a       0x11 ./Core/Src/picture/Fan1.o
 .debug_macro   0x0000123b       0x11 ./Core/Src/picture/Fan2.o
 .debug_macro   0x0000124c       0x11 ./Core/Src/picture/Fan3.o
 .debug_macro   0x0000125d      0x1bd ./Drivers/STM32F1xx_HAL_Driver/Src/stm32f1xx_hal.o
 .debug_macro   0x0000141a      0x199 ./Drivers/STM32F1xx_HAL_Driver/Src/stm32f1xx_hal_cortex.o
 .debug_macro   0x000015b3      0x204 ./Drivers/STM32F1xx_HAL_Driver/Src/stm32f1xx_hal_gpio.o
 .debug_macro   0x000017b7      0x1ab ./Drivers/STM32F1xx_HAL_Driver/Src/stm32f1xx_hal_rcc.o
 .debug_macro   0x00001962      0x19a ./Drivers/STM32F1xx_HAL_Driver/Src/stm32f1xx_hal_tim.o
 .debug_macro   0x00001afc      0x199 ./Drivers/STM32F1xx_HAL_Driver/Src/stm32f1xx_hal_tim_ex.o

.debug_line     0x00000000     0xc736
 .debug_line    0x00000000      0xf4a ./Core/Src/SPI/lcd.o
 .debug_line    0x00000f4a      0x907 ./Core/Src/SPI/lcd_Init.o
 .debug_line    0x00001851      0x73b ./Core/Src/Switch.o
 .debug_line    0x00001f8c      0x70b ./Core/Src/gpio.o
 .debug_line    0x00002697      0x80f ./Core/Src/main.o
 .debug_line    0x00002ea6      0x6d5 ./Core/Src/stm32f1xx_hal_msp.o
 .debug_line    0x0000357b      0x7b1 ./Core/Src/stm32f1xx_it.o
 .debug_line    0x00003d2c      0x753 ./Core/Src/system_stm32f1xx.o
 .debug_line    0x0000447f      0x78c ./Core/Src/tim.o
 .debug_line    0x00004c0b       0x3b ./Core/Src/picture/Fan1.o
 .debug_line    0x00004c46       0x3b ./Core/Src/picture/Fan2.o
 .debug_line    0x00004c81       0x3b ./Core/Src/picture/Fan3.o
 .debug_line    0x00004cbc       0x78 ./Core/Startup/startup_stm32f103c8tx.o
 .debug_line    0x00004d34      0x980 ./Drivers/STM32F1xx_HAL_Driver/Src/stm32f1xx_hal.o
 .debug_line    0x000056b4      0xb6c ./Drivers/STM32F1xx_HAL_Driver/Src/stm32f1xx_hal_cortex.o
 .debug_line    0x00006220      0xa19 ./Drivers/STM32F1xx_HAL_Driver/Src/stm32f1xx_hal_gpio.o
 .debug_line    0x00006c39      0xd89 ./Drivers/STM32F1xx_HAL_Driver/Src/stm32f1xx_hal_rcc.o
 .debug_line    0x000079c2     0x34a5 ./Drivers/STM32F1xx_HAL_Driver/Src/stm32f1xx_hal_tim.o
 .debug_line    0x0000ae67     0x18cf ./Drivers/STM32F1xx_HAL_Driver/Src/stm32f1xx_hal_tim_ex.o

.debug_str      0x00000000    0x84d42
 .debug_str     0x00000000    0x82027 ./Core/Src/SPI/lcd.o
                              0x82384 (size before relaxing)
 .debug_str     0x00082027       0xcf ./Core/Src/SPI/lcd_Init.o
                              0x820ab (size before relaxing)
 .debug_str     0x000820f6      0x4c7 ./Core/Src/Switch.o
                              0x81fb2 (size before relaxing)
 .debug_str     0x000825bd      0x327 ./Core/Src/gpio.o
                              0x8203c (size before relaxing)
 .debug_str     0x000828e4      0x2f2 ./Core/Src/main.o
                              0x82973 (size before relaxing)
 .debug_str     0x00082bd6       0x5a ./Core/Src/stm32f1xx_hal_msp.o
                              0x81cbd (size before relaxing)
 .debug_str     0x00082c30       0xf7 ./Core/Src/stm32f1xx_it.o
                              0x81d14 (size before relaxing)
 .debug_str     0x00082d27       0x7e ./Core/Src/system_stm32f1xx.o
                              0x81ab5 (size before relaxing)
 .debug_str     0x00082da5      0x1ea ./Core/Src/tim.o
                              0x823d6 (size before relaxing)
 .debug_str     0x00082f8f       0x1b ./Core/Src/picture/Fan1.o
                               0x2dc8 (size before relaxing)
 .debug_str     0x00082faa       0x1b ./Core/Src/picture/Fan2.o
                               0x2dc8 (size before relaxing)
 .debug_str     0x00082fc5       0x1b ./Core/Src/picture/Fan3.o
                               0x2dc8 (size before relaxing)
 .debug_str     0x00082fe0       0x44 ./Core/Startup/startup_stm32f103c8tx.o
                                 0x66 (size before relaxing)
 .debug_str     0x00083024      0x384 ./Drivers/STM32F1xx_HAL_Driver/Src/stm32f1xx_hal.o
                              0x821e8 (size before relaxing)
 .debug_str     0x000833a8      0x2a8 ./Drivers/STM32F1xx_HAL_Driver/Src/stm32f1xx_hal_cortex.o
                              0x82134 (size before relaxing)
 .debug_str     0x00083650      0x2a7 ./Drivers/STM32F1xx_HAL_Driver/Src/stm32f1xx_hal_gpio.o
                              0x81e3b (size before relaxing)
 .debug_str     0x000838f7      0x229 ./Drivers/STM32F1xx_HAL_Driver/Src/stm32f1xx_hal_rcc.o
                              0x81ee4 (size before relaxing)
 .debug_str     0x00083b20      0xd8f ./Drivers/STM32F1xx_HAL_Driver/Src/stm32f1xx_hal_tim.o
                              0x82ee6 (size before relaxing)
 .debug_str     0x000848af      0x493 ./Drivers/STM32F1xx_HAL_Driver/Src/stm32f1xx_hal_tim_ex.o
                              0x826f2 (size before relaxing)

.comment        0x00000000       0x43
 .comment       0x00000000       0x43 ./Core/Src/SPI/lcd.o
                                 0x44 (size before relaxing)
 .comment       0x00000043       0x44 ./Core/Src/SPI/lcd_Init.o
 .comment       0x00000043       0x44 ./Core/Src/Switch.o
 .comment       0x00000043       0x44 ./Core/Src/gpio.o
 .comment       0x00000043       0x44 ./Core/Src/main.o
 .comment       0x00000043       0x44 ./Core/Src/stm32f1xx_hal_msp.o
 .comment       0x00000043       0x44 ./Core/Src/stm32f1xx_it.o
 .comment       0x00000043       0x44 ./Core/Src/system_stm32f1xx.o
 .comment       0x00000043       0x44 ./Core/Src/tim.o
 .comment       0x00000043       0x44 ./Core/Src/picture/Fan1.o
 .comment       0x00000043       0x44 ./Core/Src/picture/Fan2.o
 .comment       0x00000043       0x44 ./Core/Src/picture/Fan3.o
 .comment       0x00000043       0x44 ./Drivers/STM32F1xx_HAL_Driver/Src/stm32f1xx_hal.o
 .comment       0x00000043       0x44 ./Drivers/STM32F1xx_HAL_Driver/Src/stm32f1xx_hal_cortex.o
 .comment       0x00000043       0x44 ./Drivers/STM32F1xx_HAL_Driver/Src/stm32f1xx_hal_gpio.o
 .comment       0x00000043       0x44 ./Drivers/STM32F1xx_HAL_Driver/Src/stm32f1xx_hal_rcc.o
 .comment       0x00000043       0x44 ./Drivers/STM32F1xx_HAL_Driver/Src/stm32f1xx_hal_tim.o
 .comment       0x00000043       0x44 ./Drivers/STM32F1xx_HAL_Driver/Src/stm32f1xx_hal_tim_ex.o

.debug_frame    0x00000000     0x2ac0
 .debug_frame   0x00000000      0x2b0 ./Core/Src/SPI/lcd.o
 .debug_frame   0x000002b0      0x154 ./Core/Src/SPI/lcd_Init.o
 .debug_frame   0x00000404       0x7c ./Core/Src/Switch.o
 .debug_frame   0x00000480       0x34 ./Core/Src/gpio.o
 .debug_frame   0x000004b4       0x90 ./Core/Src/main.o
 .debug_frame   0x00000544       0x38 ./Core/Src/stm32f1xx_hal_msp.o
 .debug_frame   0x0000057c      0x120 ./Core/Src/stm32f1xx_it.o
 .debug_frame   0x0000069c       0x58 ./Core/Src/system_stm32f1xx.o
 .debug_frame   0x000006f4       0xa8 ./Core/Src/tim.o
 .debug_frame   0x0000079c      0x334 ./Drivers/STM32F1xx_HAL_Driver/Src/stm32f1xx_hal.o
 .debug_frame   0x00000ad0      0x428 ./Drivers/STM32F1xx_HAL_Driver/Src/stm32f1xx_hal_cortex.o
 .debug_frame   0x00000ef8      0x14c ./Drivers/STM32F1xx_HAL_Driver/Src/stm32f1xx_hal_gpio.o
 .debug_frame   0x00001044      0x218 ./Drivers/STM32F1xx_HAL_Driver/Src/stm32f1xx_hal_rcc.o
 .debug_frame   0x0000125c     0x11b8 ./Drivers/STM32F1xx_HAL_Driver/Src/stm32f1xx_hal_tim.o
 .debug_frame   0x00002414      0x638 ./Drivers/STM32F1xx_HAL_Driver/Src/stm32f1xx_hal_tim_ex.o
 .debug_frame   0x00002a4c       0x20 I:/software/STM32CubeIDE_1.15.1/STM32CubeIDE/plugins/com.st.stm32cube.ide.mcu.externaltools.gnu-tools-for-stm32.12.3.rel1.win32_1.0.100.202403111256/tools/bin/../lib/gcc/arm-none-eabi/12.3.1/../../../../arm-none-eabi/lib/thumb/v7-m/nofp\libc_nano.a(libc_a-memset.o)
 .debug_frame   0x00002a6c       0x2c I:/software/STM32CubeIDE_1.15.1/STM32CubeIDE/plugins/com.st.stm32cube.ide.mcu.externaltools.gnu-tools-for-stm32.12.3.rel1.win32_1.0.100.202403111256/tools/bin/../lib/gcc/arm-none-eabi/12.3.1/../../../../arm-none-eabi/lib/thumb/v7-m/nofp\libc_nano.a(libc_a-init.o)
 .debug_frame   0x00002a98       0x28 I:/software/STM32CubeIDE_1.15.1/STM32CubeIDE/plugins/com.st.stm32cube.ide.mcu.externaltools.gnu-tools-for-stm32.12.3.rel1.win32_1.0.100.202403111256/tools/bin/../lib/gcc/arm-none-eabi/12.3.1/../../../../arm-none-eabi/lib/thumb/v7-m/nofp\libc_nano.a(libc_a-memcpy-stub.o)

.debug_line_str
                0x00000000       0x4a
 .debug_line_str
                0x00000000       0x4a ./Core/Startup/startup_stm32f103c8tx.o
