23:40:16 **** Incremental Build of configuration Debug for project Fan_Driver ****
make -j12 all 
arm-none-eabi-gcc "../Core/Src/main.c" -mcpu=cortex-m3 -std=gnu11 -g3 -DDEBUG -DUSE_HAL_DRIVER -DSTM32F103xB -c -I../Core/Inc -I../Drivers/STM32F1xx_HAL_Driver/Inc/Legacy -I../Drivers/STM32F1xx_HAL_Driver/Inc -I../Drivers/CMSIS/Device/ST/STM32F1xx/Include -I../Drivers/CMSIS/Include -O0 -ffunction-sections -fdata-sections -Wall -fstack-usage -fcyclomatic-complexity -MMD -MP -MF"Core/Src/main.d" -MT"Core/Src/main.o" --specs=nano.specs -mfloat-abi=soft -mthumb -o "Core/Src/main.o"
../Core/Src/main.c: In function 'main':
../Core/Src/main.c:138:24: warning: pointer targets in initialization of 'uint8_t *' {aka 'unsigned char *'} from 'char *' differ in signedness [-Wpointer-sign]
  138 |           uint8_t *v = "V:";
      |                        ^~~~
../Core/Src/main.c:141:25: warning: pointer targets in initialization of 'uint8_t *' {aka 'unsigned char *'} from 'char *' differ in signedness [-Wpointer-sign]
  141 |           uint8_t *mv = "mV:";
      |                         ^~~~~
../Core/Src/main.c:144:24: warning: pointer targets in initialization of 'uint8_t *' {aka 'unsigned char *'} from 'char *' differ in signedness [-Wpointer-sign]
  144 |           uint8_t *a = "mA:";
      |                        ^~~~~
arm-none-eabi-gcc -o "Fan_Driver.elf" @"objects.list"   -mcpu=cortex-m3 -T"I:\document\Stm32_Cube\Fan_Driver\STM32F103C8TX_FLASH.ld" --specs=nosys.specs -Wl,-Map="Fan_Driver.map" -Wl,--gc-sections -static --specs=nano.specs -mfloat-abi=soft -mthumb -Wl,--start-group -lc -lm -Wl,--end-group
Finished building target: Fan_Driver.elf
 
arm-none-eabi-size  Fan_Driver.elf 
arm-none-eabi-objdump -h -S Fan_Driver.elf  > "Fan_Driver.list"
   text	   data	    bss	    dec	    hex	filename
  56908	     12	   1812	  58732	   e56c	Fan_Driver.elf
Finished building: default.size.stdout
 
Finished building: Fan_Driver.list
 
23:40:21 **** Incremental Build of configuration Debug for project Fan_Driver ****
make -j12 all 
arm-none-eabi-size  Fan_Driver.elf 
   text	   data	    bss	    dec	    hex	filename
  56908	     12	   1812	  58732	   e56c	Fan_Driver.elf
Finished building: default.size.stdout
 
23:40:49 **** Incremental Build of configuration Debug for project Fan_Driver ****
make -j12 all 
arm-none-eabi-gcc "../Core/Src/main.c" -mcpu=cortex-m3 -std=gnu11 -g3 -DDEBUG -DUSE_HAL_DRIVER -DSTM32F103xB -c -I../Core/Inc -I../Drivers/STM32F1xx_HAL_Driver/Inc/Legacy -I../Drivers/STM32F1xx_HAL_Driver/Inc -I../Drivers/CMSIS/Device/ST/STM32F1xx/Include -I../Drivers/CMSIS/Include -O0 -ffunction-sections -fdata-sections -Wall -fstack-usage -fcyclomatic-complexity -MMD -MP -MF"Core/Src/main.d" -MT"Core/Src/main.o" --specs=nano.specs -mfloat-abi=soft -mthumb -o "Core/Src/main.o"
../Core/Src/main.c: In function 'main':
../Core/Src/main.c:138:24: warning: pointer targets in initialization of 'uint8_t *' {aka 'unsigned char *'} from 'char *' differ in signedness [-Wpointer-sign]
  138 |           uint8_t *v = "V:";
      |                        ^~~~
../Core/Src/main.c:141:25: warning: pointer targets in initialization of 'uint8_t *' {aka 'unsigned char *'} from 'char *' differ in signedness [-Wpointer-sign]
  141 |           uint8_t *mv = "mV:";
      |                         ^~~~~
../Core/Src/main.c:144:24: warning: pointer targets in initialization of 'uint8_t *' {aka 'unsigned char *'} from 'char *' differ in signedness [-Wpointer-sign]
  144 |           uint8_t *a = "mA:";
      |                        ^~~~~
arm-none-eabi-gcc -o "Fan_Driver.elf" @"objects.list"   -mcpu=cortex-m3 -T"I:\document\Stm32_Cube\Fan_Driver\STM32F103C8TX_FLASH.ld" --specs=nosys.specs -Wl,-Map="Fan_Driver.map" -Wl,--gc-sections -static --specs=nano.specs -mfloat-abi=soft -mthumb -Wl,--start-group -lc -lm -Wl,--end-group
Finished building target: Fan_Driver.elf
 
arm-none-eabi-size  Fan_Driver.elf 
arm-none-eabi-objdump -h -S Fan_Driver.elf  > "Fan_Driver.list"
   text	   data	    bss	    dec	    hex	filename
  56908	     12	   1812	  58732	   e56c	Fan_Driver.elf
Finished building: default.size.stdout
 
Finished building: Fan_Driver.list
 
