04:39:06 **** Incremental Build of configuration Debug for project F407_BMP280 ****
make -j8 all 
arm-none-eabi-gcc "../Core/Src/main.c" -mcpu=cortex-m4 -std=gnu11 -g3 -DDEBUG -DUSE_HAL_DRIVER -DSTM32F407xx -c -I../Core/Inc -I../Drivers/STM32F4xx_HAL_Driver/Inc -I../Drivers/STM32F4xx_HAL_Driver/Inc/Legacy -I../Drivers/CMSIS/Device/ST/STM32F4xx/Include -I../Drivers/CMSIS/Include -O0 -ffunction-sections -fdata-sections -Wall -fstack-usage -fcyclomatic-complexity -MMD -MP -MF"Core/Src/main.d" -MT"Core/Src/main.o" --specs=nano.specs -mfpu=fpv4-sp-d16 -mfloat-abi=hard -mthumb -o "Core/Src/main.o"
../Core/Src/main.c: In function 'main':
../Core/Src/main.c:109:38: warning: pointer targets in passing argument 2 of 'HAL_UART_Transmit' differ in signedness [-Wpointer-sign]
  109 |           HAL_UART_Transmit(&huart1, message, strlen(message), HAL_MAX_DELAY);
      |                                      ^~~~~~~
      |                                      |
      |                                      char *
In file included from ../Core/Inc/stm32f4xx_hal_conf.h:411,
                 from ../Drivers/STM32F4xx_HAL_Driver/Inc/stm32f4xx_hal.h:29,
                 from ../Core/Inc/main.h:30,
                 from ../Core/Src/main.c:20:
../Drivers/STM32F4xx_HAL_Driver/Inc/stm32f4xx_hal_uart.h:745:79: note: expected 'const uint8_t *' {aka 'const unsigned char *'} but argument is of type 'char *'
  745 | HAL_StatusTypeDef HAL_UART_Transmit(UART_HandleTypeDef *huart, const uint8_t *pData, uint16_t Size, uint32_t Timeout);
      |                                                                ~~~~~~~~~~~~~~~^~~~~
../Core/Src/main.c:108:46: warning: ' ℃, 湿度: ' directive writing 14 bytes into a region of size between 0 and 11 [-Wformat-overflow=]
  108 |           sprintf(message, "温度: %.lf ℃, 湿度: %.lf %%\r\n", Temperture, Humidity);
      |                                       ~~~~~~~~^~
../Core/Src/main.c:108:11: note: 'sprintf' output between 29 and 647 bytes into a destination of size 20
  108 |           sprintf(message, "温度: %.lf ℃, 湿度: %.lf %%\r\n", Temperture, Humidity);
      |           ^~~~~~~~~~~~~~~~~~~~~~~~~~~~~~~~~~~~~~~~~~~~~~~~~~~~~~~~~~~~~~~~~~~~~~~~~
arm-none-eabi-gcc -o "F407_BMP280.elf" @"objects.list"   -mcpu=cortex-m4 -T"E:\document\Stm32_Cube\F407_BMP280\STM32F407VETX_FLASH.ld" --specs=nosys.specs -Wl,-Map="F407_BMP280.map" -Wl,--gc-sections -static --specs=nano.specs -mfpu=fpv4-sp-d16 -mfloat-abi=hard -mthumb -u _printf_float -Wl,--start-group -lc -lm -Wl,--end-group
Finished building target: F407_BMP280.elf
 
arm-none-eabi-size  F407_BMP280.elf 
arm-none-eabi-objdump -h -S F407_BMP280.elf  > "F407_BMP280.list"
   text	   data	    bss	    dec	    hex	filename
  36920	    468	   2068	  39456	   9a20	F407_BMP280.elf
Finished building: default.size.stdout
 
Finished building: F407_BMP280.list
 

04:39:07 Build Finished. 0 errors, 2 warnings. (took 987ms)

