02:10:40 **** Incremental Build of configuration Debug for project F407_BMP280 ****
make -j12 all 
arm-none-eabi-gcc "../Core/Src/BMP280.c" -mcpu=cortex-m4 -std=gnu11 -g3 -DDEBUG -DUSE_HAL_DRIVER -DSTM32F407xx -c -I../Core/Inc -I../Drivers/STM32F4xx_HAL_Driver/Inc -I../Drivers/STM32F4xx_HAL_Driver/Inc/Legacy -I../Drivers/CMSIS/Device/ST/STM32F4xx/Include -I../Drivers/CMSIS/Include -O0 -ffunction-sections -fdata-sections -Wall -fstack-usage -fcyclomatic-complexity -MMD -MP -MF"Core/Src/BMP280.d" -MT"Core/Src/BMP280.o" --specs=nano.specs -mfpu=fpv4-sp-d16 -mfloat-abi=hard -mthumb -o "Core/Src/BMP280.o"
arm-none-eabi-gcc -o "F407_BMP280.elf" @"objects.list"   -mcpu=cortex-m4 -T"I:\document\Stm32_Cube\F407_BMP280\STM32F407VETX_FLASH.ld" --specs=nosys.specs -Wl,-Map="F407_BMP280.map" -Wl,--gc-sections -static --specs=nano.specs -mfpu=fpv4-sp-d16 -mfloat-abi=hard -mthumb -u _printf_float -Wl,--start-group -lc -lm -Wl,--end-group
Finished building target: F407_BMP280.elf
 
arm-none-eabi-size  F407_BMP280.elf 
arm-none-eabi-objdump -h -S F407_BMP280.elf  > "F407_BMP280.list"
   text	   data	    bss	    dec	    hex	filename
  39488	    472	   2088	  42048	   a440	F407_BMP280.elf
Finished building: default.size.stdout
 
Finished building: F407_BMP280.list
 

02:10:41 Build Finished. 0 errors, 0 warnings. (took 1s.130ms)

